../Core/Inc/dc_driver_oop.hpp:25:5:dc_driver::dc_driver(TIM_HandleTypeDef*, uint32_t, GPIO_TypeDef*, uint16_t, uint16_t, int)	24	static
../Core/Inc/servo_oop.hpp:21:9:servo::servo(TIM_HandleTypeDef*, uint32_t, int, int, int, int, float, int, int)	32	static
../Core/Src/main_program/mission_2/ms_2.hpp:21:9:ms_2::ms_2(GPIO_TypeDef*, uint16_t, TIM_HandleTypeDef*, uint32_t, int, int, TIM_HandleTypeDef*, uint32_t, int, int, int, float, int, int, TIM_HandleTypeDef*, uint32_t, int, int, int, float, int, int)	56	static
../Core/Src/main_program/mission_2/ms_2_monitor.cpp:20:6:void MS_2_init()	8	static
../Core/Src/main_program/mission_2/ms_2_monitor.cpp:24:6:void MS_2_CW_down()	8	static
../Core/Src/main_program/mission_2/ms_2_monitor.cpp:28:6:void MS_2_CCW_down()	8	static
../Core/Src/main_program/mission_2/ms_2_monitor.cpp:32:6:void MS_2_CW_rotate()	8	static
../Core/Src/main_program/mission_2/ms_2_monitor.cpp:36:6:void MS_2_CCW_rotate()	8	static
../Core/Src/main_program/mission_2/ms_2_monitor.cpp:40:6:void MS_2_middle()	8	static
../Core/Src/main_program/mission_2/ms_2_monitor.cpp:44:6:void MS_2_open_pink()	8	static
../Core/Src/main_program/mission_2/ms_2_monitor.cpp:48:6:void MS_2_open_blue()	8	static
../Core/Src/main_program/mission_2/ms_2_monitor.cpp:52:6:void MS_2_close_pink()	8	static
../Core/Src/main_program/mission_2/ms_2_monitor.cpp:56:6:void MS_2_close_blue()	8	static
../Core/Src/main_program/mission_2/ms_2_monitor.cpp:59:1:void __static_initialization_and_destruction_0()	80	static
../Core/Src/main_program/mission_2/ms_2_monitor.cpp:59:1:cpp)	8	static
