../Core/Inc/uros/uros_init.cpp:84:6:void uros_init()	40	static
../Core/Inc/uros/uros_init.cpp:108:6:void uros_agent_status_check()	8	static
../Core/Inc/uros/uros_init.cpp:130:6:void handle_state_agent_waiting()	8	static
../Core/Inc/uros/uros_init.cpp:134:6:void handle_state_agent_available()	8	static
../Core/Inc/uros/uros_init.cpp:139:6:void handle_state_agent_connected()	16	static
../Core/Inc/uros/uros_init.cpp:160:6:void handle_state_agent_trying()	8	static
../Core/Inc/uros/uros_init.cpp:172:6:void handle_state_agent_disconnected()	8	static
../Core/Inc/uros/uros_init.cpp:177:6:void uros_create_entities()	56	static
../Core/Inc/uros/uros_init.cpp:213:6:void uros_destroy_entities()	16	static
