../Core/Inc/limit_sw.hpp:21:14:uint16_t LimitSwitch::getPin() const	16	static
../Core/Src/main_program/arm_test.cpp:20:5:int arm_init()	16	static
../Core/Src/main_program/arm_test.cpp:36:6:void homing()	8	static
../Core/Src/main_program/arm_test.cpp:62:5:int arm_test()	8	static
../Core/Src/main_program/arm_test.cpp:85:10:void cpp_arm_init()	8	static
../Core/Src/main_program/arm_test.cpp:89:10:void cpp_arm_test()	8	static
../Core/Src/main_program/arm_test.cpp:93:10:void cpp_arm_update()	8	static
../Core/Src/main_program/arm_test.cpp:99:10:void arm_exti_handler(uint16_t)	16	static
../Core/Src/main_program/arm_test.cpp:119:1:void __static_initialization_and_destruction_0()	8	static
../Core/Src/main_program/arm_test.cpp:119:1:cpp)	8	static
