../Core/Inc/servo_oop.hpp:21:9:servo::servo(TIM_HandleTypeDef*, uint32_t, int, int, int, int, float, int, int)	32	static
../Core/Src/main_program/servo_monitor.cpp:21:6:void servo_init()	8	static
../Core/Src/main_program/servo_monitor.cpp:27:6:void pusher_extend()	8	static
../Core/Src/main_program/servo_monitor.cpp:33:6:void pusher_retract()	8	static
../Core/Src/main_program/servo_monitor.cpp:37:1:void __static_initialization_and_destruction_0()	32	static
../Core/Src/main_program/servo_monitor.cpp:37:1:cpp)	8	static
