../Core/Src/main.c:102:5:main	1
../Core/Src/main.c:192:6:SystemClock_Config	4
../Core/Src/main.c:243:13:MX_TIM2_Init	4
../Core/Src/main.c:288:13:MX_TIM3_Init	6
../Core/Src/main.c:347:13:MX_TIM4_Init	4
../Core/Src/main.c:396:13:MX_USART3_UART_Init	5
../Core/Src/main.c:442:13:MX_DMA_Init	1
../Core/Src/main.c:463:13:MX_GPIO_Init	1
../Core/Src/main.c:522:13:StartDefaultTask	1
../Core/Src/main.c:540:13:StartTask02	1
../Core/Src/main.c:553:6:MPU_Config	1
../Core/Src/main.c:588:6:HAL_TIM_PeriodElapsedCallback	3
../Core/Src/main.c:609:6:Error_Handler	1
