../Core/Src/main.c:123:5:main	1
../Core/Src/main.c:220:6:SystemClock_Config	4
../Core/Src/main.c:271:13:MX_TIM2_Init	4
../Core/Src/main.c:316:13:MX_TIM3_Init	7
../Core/Src/main.c:379:13:MX_TIM4_Init	4
../Core/Src/main.c:428:13:MX_TIM5_Init	7
../Core/Src/main.c:489:13:MX_TIM12_Init	5
../Core/Src/main.c:542:13:MX_TIM23_Init	3
../Core/Src/main.c:591:13:MX_TIM24_Init	3
../Core/Src/main.c:640:13:MX_USART3_UART_Init	5
../Core/Src/main.c:686:13:MX_DMA_Init	1
../Core/Src/main.c:707:13:MX_GPIO_Init	1
../Core/Src/main.c:784:13:StartDefaultTask	1
../Core/Src/main.c:802:13:StartTask02	1
../Core/Src/main.c:820:13:StartTask03	1
../Core/Src/main.c:833:6:MPU_Config	1
../Core/Src/main.c:868:6:HAL_TIM_PeriodElapsedCallback	3
../Core/Src/main.c:889:6:Error_Handler	1
