../Core/Src/main.c:123:5:main	8	static
../Core/Src/main.c:220:6:SystemClock_Config	120	static
../Core/Src/main.c:271:13:MX_TIM2_Init	40	static
../Core/Src/main.c:316:13:MX_TIM3_Init	48	static
../Core/Src/main.c:380:13:MX_TIM4_Init	48	static
../Core/Src/main.c:429:13:MX_TIM5_Init	48	static
../Core/Src/main.c:490:13:MX_TIM12_Init	48	static
../Core/Src/main.c:543:13:MX_TIM23_Init	56	static
../Core/Src/main.c:592:13:MX_TIM24_Init	56	static
../Core/Src/main.c:641:13:MX_USART3_UART_Init	8	static
../Core/Src/main.c:687:13:MX_DMA_Init	16	static
../Core/Src/main.c:708:13:MX_GPIO_Init	56	static
../Core/Src/main.c:785:13:StartDefaultTask	16	static
../Core/Src/main.c:803:13:StartTask02	16	static
../Core/Src/main.c:821:13:StartTask03	16	static
../Core/Src/main.c:834:6:MPU_Config	24	static
../Core/Src/main.c:869:6:HAL_TIM_PeriodElapsedCallback	16	static
../Core/Src/main.c:890:6:Error_Handler	4	static,ignoring_inline_asm
