../Core/Src/main.c:100:5:main	8	static
../Core/Src/main.c:189:6:SystemClock_Config	120	static
../Core/Src/main.c:240:13:MX_TIM2_Init	40	static
../Core/Src/main.c:285:13:MX_TIM3_Init	48	static
../Core/Src/main.c:344:13:MX_USART3_UART_Init	8	static
../Core/Src/main.c:390:13:MX_DMA_Init	16	static
../Core/Src/main.c:411:13:MX_GPIO_Init	48	static
../Core/Src/main.c:473:13:StartDefaultTask	16	static
../Core/Src/main.c:491:13:StartTask02	16	static
../Core/Src/main.c:504:6:MPU_Config	24	static
../Core/Src/main.c:539:6:HAL_TIM_PeriodElapsedCallback	16	static
../Core/Src/main.c:560:6:Error_Handler	4	static,ignoring_inline_asm
